
[TestHelpOverlay_Render - 1]
               [38;2;125;86;244m╭────────────────────────────────────────────────╮[m               
               [38;2;125;86;244m│[m                                                [38;2;125;86;244m│[m               
               [38;2;125;86;244m│[m  [1;38;2;125;86;244mKeyboard Shortcuts[m                            [38;2;125;86;244m│[m               
               [38;2;125;86;244m│[m                                                [38;2;125;86;244m│[m               
               [38;2;125;86;244m│[m                                                [38;2;125;86;244m│[m               
               [38;2;125;86;244m│[m  [1;38;2;108;113;196mGlobal[m                                        [38;2;125;86;244m│[m               
               [38;2;125;86;244m│[m    q / ctrl+c   quit                           [38;2;125;86;244m│[m               
               [38;2;125;86;244m│[m    ?            toggle help                    [38;2;125;86;244m│[m               
               [38;2;125;86;244m│[m    C            switch cloud                   [38;2;125;86;244m│[m               
               [38;2;125;86;244m│[m    P            switch project                 [38;2;125;86;244m│[m               
               [38;2;125;86;244m│[m    1-5 / ←→     switch tab                     [38;2;125;86;244m│[m               
               [38;2;125;86;244m│[m    Q             resource quotas               [38;2;125;86;244m│[m               
               [38;2;125;86;244m│[m    R             force refresh                 [38;2;125;86;244m│[m               
               [38;2;125;86;244m│[m    pgup/pgdn    page up/down                   [38;2;125;86;244m│[m               
               [38;2;125;86;244m│[m    s/S           sort / reverse sort           [38;2;125;86;244m│[m               
               [38;2;125;86;244m│[m    ctrl+k       configuration                  [38;2;125;86;244m│[m               
               [38;2;125;86;244m│[m    ctrl+r       restart app                    [38;2;125;86;244m│[m               
               [38;2;125;86;244m│[m                                                [38;2;125;86;244m│[m               
               [38;2;125;86;244m│[m  [1;38;2;108;113;196mServer List[m                                   [38;2;125;86;244m│[m               
               [38;2;125;86;244m│[m    ↑/k ↓/j      navigate                       [38;2;125;86;244m│[m               
               [38;2;125;86;244m│[m    enter         view detail                   [38;2;125;86;244m│[m               
               [38;2;125;86;244m│[m                                                [38;2;125;86;244m│[m               
               [38;2;125;86;244m│[m  [38;2;131;148;150m ↑↓ scroll •[m[38;2;131;148;150m ? all shortcuts • esc close[m      [38;2;125;86;244m│[m               
               [38;2;125;86;244m│[m                                                [38;2;125;86;244m│[m               
               [38;2;125;86;244m╰────────────────────────────────────────────────╯[m               
---
